{
    "interproscan -- input: tar.gz, untar": {
        "content": [
            {
                "0": [
                    
                ],
                "1": [
                    
                ],
                "2": [
                    
                ],
                "3": [
                    
                ],
                "4": [
                    
                ],
                "gff3": [
                    
                ],
                "json": [
                    
                ],
                "tsv": [
                    
                ],
                "versions": [
                    
                ],
                "xml": [
                    
                ]
            }
        ],
        "meta": {
            "nf-test": "0.9.2",
            "nextflow": "24.10.5"
        },
        "timestamp": "2025-04-22T10:57:33.403727"
    }
}